Archive member included to satisfy reference by file (symbol)

/usr/local/mcuxpressoide-10.2.1_795/ide/tools/bin/../lib/gcc/arm-none-eabi/7.2.1/../../../../arm-none-eabi/lib/thumb/v6-m/libcr_semihost_nf.a(__ciob.o)
                              ./source/hello_world.o (__Ciob)
/usr/local/mcuxpressoide-10.2.1_795/ide/tools/bin/../lib/gcc/arm-none-eabi/7.2.1/../../../../arm-none-eabi/lib/thumb/v6-m/libcr_semihost_nf.a(_cr__main.o)
                              ./startup/startup_mke06z4.o (__main)
/usr/local/mcuxpressoide-10.2.1_795/ide/tools/bin/../lib/gcc/arm-none-eabi/7.2.1/../../../../arm-none-eabi/lib/thumb/v6-m/libcr_c.a(memset.o)
                              ./drivers/fsl_uart.o (memset)
/usr/local/mcuxpressoide-10.2.1_795/ide/tools/bin/../lib/gcc/arm-none-eabi/7.2.1/../../../../arm-none-eabi/lib/thumb/v6-m/libcr_c.a(__fillbuf.o)
                              ./source/hello_world.o (__filbuf)
/usr/local/mcuxpressoide-10.2.1_795/ide/tools/bin/../lib/gcc/arm-none-eabi/7.2.1/../../../../arm-none-eabi/lib/thumb/v6-m/libcr_c.a(_deferredlazyseek.o)
                              /usr/local/mcuxpressoide-10.2.1_795/ide/tools/bin/../lib/gcc/arm-none-eabi/7.2.1/../../../../arm-none-eabi/lib/thumb/v6-m/libcr_c.a(__fillbuf.o) (_deferredlazyseek)
/usr/local/mcuxpressoide-10.2.1_795/ide/tools/bin/../lib/gcc/arm-none-eabi/7.2.1/../../../../arm-none-eabi/lib/thumb/v6-m/libcr_c.a(_fflush.o)
                              /usr/local/mcuxpressoide-10.2.1_795/ide/tools/bin/../lib/gcc/arm-none-eabi/7.2.1/../../../../arm-none-eabi/lib/thumb/v6-m/libcr_c.a(__fillbuf.o) (_fflush)
/usr/local/mcuxpressoide-10.2.1_795/ide/tools/bin/../lib/gcc/arm-none-eabi/7.2.1/../../../../arm-none-eabi/lib/thumb/v6-m/libcr_c.a(_writebuf.o)
                              /usr/local/mcuxpressoide-10.2.1_795/ide/tools/bin/../lib/gcc/arm-none-eabi/7.2.1/../../../../arm-none-eabi/lib/thumb/v6-m/libcr_c.a(_deferredlazyseek.o) (_Cwritebuf)
/usr/local/mcuxpressoide-10.2.1_795/ide/tools/bin/../lib/gcc/arm-none-eabi/7.2.1/../../../../arm-none-eabi/lib/thumb/v6-m/libcr_c.a(alloc.o)
                              /usr/local/mcuxpressoide-10.2.1_795/ide/tools/bin/../lib/gcc/arm-none-eabi/7.2.1/../../../../arm-none-eabi/lib/thumb/v6-m/libcr_c.a(__fillbuf.o) (_Csys_alloc)
/usr/local/mcuxpressoide-10.2.1_795/ide/tools/bin/../lib/gcc/arm-none-eabi/7.2.1/../../../../arm-none-eabi/lib/thumb/v6-m/libcr_c.a(fseek.o)
                              /usr/local/mcuxpressoide-10.2.1_795/ide/tools/bin/../lib/gcc/arm-none-eabi/7.2.1/../../../../arm-none-eabi/lib/thumb/v6-m/libcr_c.a(_deferredlazyseek.o) (fseek)
/usr/local/mcuxpressoide-10.2.1_795/ide/tools/bin/../lib/gcc/arm-none-eabi/7.2.1/../../../../arm-none-eabi/lib/thumb/v6-m/libcr_c.a(ftell.o)
                              /usr/local/mcuxpressoide-10.2.1_795/ide/tools/bin/../lib/gcc/arm-none-eabi/7.2.1/../../../../arm-none-eabi/lib/thumb/v6-m/libcr_c.a(fseek.o) (ftell)
/usr/local/mcuxpressoide-10.2.1_795/ide/tools/bin/../lib/gcc/arm-none-eabi/7.2.1/../../../../arm-none-eabi/lib/thumb/v6-m/libcr_c.a(initio.o)
                              /usr/local/mcuxpressoide-10.2.1_795/ide/tools/bin/../lib/gcc/arm-none-eabi/7.2.1/../../../../arm-none-eabi/lib/thumb/v6-m/libcr_semihost_nf.a(_cr__main.o) (_initio)
/usr/local/mcuxpressoide-10.2.1_795/ide/tools/bin/../lib/gcc/arm-none-eabi/7.2.1/../../../../arm-none-eabi/lib/thumb/v6-m/libcr_c.a(printf.o)
                              ./source/hello_world.o (_printf)
/usr/local/mcuxpressoide-10.2.1_795/ide/tools/bin/../lib/gcc/arm-none-eabi/7.2.1/../../../../arm-none-eabi/lib/thumb/v6-m/libcr_c.a(setvbuf.o)
                              /usr/local/mcuxpressoide-10.2.1_795/ide/tools/bin/../lib/gcc/arm-none-eabi/7.2.1/../../../../arm-none-eabi/lib/thumb/v6-m/libcr_c.a(initio.o) (setvbuf)
/usr/local/mcuxpressoide-10.2.1_795/ide/tools/bin/../lib/gcc/arm-none-eabi/7.2.1/../../../../arm-none-eabi/lib/thumb/v6-m/libcr_c.a(strlen.o)
                              ./utilities/fsl_str.o (strlen)
/usr/local/mcuxpressoide-10.2.1_795/ide/tools/bin/../lib/gcc/arm-none-eabi/7.2.1/../../../../arm-none-eabi/lib/thumb/v6-m/libcr_c.a(memcpy.o)
                              /usr/local/mcuxpressoide-10.2.1_795/ide/tools/bin/../lib/gcc/arm-none-eabi/7.2.1/../../../../arm-none-eabi/lib/thumb/v6-m/libcr_c.a(alloc.o) (memcpy)
/usr/local/mcuxpressoide-10.2.1_795/ide/tools/bin/../lib/gcc/arm-none-eabi/7.2.1/../../../../arm-none-eabi/lib/thumb/v6-m/libcr_c.a(__init_alloc.o)
                              /usr/local/mcuxpressoide-10.2.1_795/ide/tools/bin/../lib/gcc/arm-none-eabi/7.2.1/../../../../arm-none-eabi/lib/thumb/v6-m/libcr_c.a(alloc.o) (__heaps)
/usr/local/mcuxpressoide-10.2.1_795/ide/tools/bin/../lib/gcc/arm-none-eabi/7.2.1/../../../../arm-none-eabi/lib/thumb/v6-m/libcr_c.a(_cr_sbrk.o)
                              /usr/local/mcuxpressoide-10.2.1_795/ide/tools/bin/../lib/gcc/arm-none-eabi/7.2.1/../../../../arm-none-eabi/lib/thumb/v6-m/libcr_c.a(alloc.o) (_sbrk)
[...]
Memory Configuration

Name             Origin             Length             Attributes
PROGRAM_FLASH    0x0000000000000000 0x0000000000020000 xr
SRAM             0x000000001ffff000 0x0000000000004000 xrw
*default*        0x0000000000000000 0xffffffffffffffff

Linker script and memory map

LOAD ./utilities/fsl_assert.o
LOAD ./utilities/fsl_debug_console.o
LOAD ./utilities/fsl_io.o
LOAD ./utilities/fsl_log.o
LOAD ./utilities/fsl_str.o
LOAD ./startup/startup_mke06z4.o
LOAD ./source/hello_world.o
LOAD ./source/semihost_hardfault.o
LOAD ./drivers/fsl_clock.o
LOAD ./drivers/fsl_common.o
LOAD ./drivers/fsl_gpio.o
LOAD ./drivers/fsl_port.o
LOAD ./drivers/fsl_uart.o
LOAD ./board/board.o
LOAD ./board/clock_config.o
LOAD ./board/peripherals.o
LOAD ./board/pin_mux.o
LOAD ./CMSIS/system_MKE06Z4.o
START GROUP
LOAD /usr/local/mcuxpressoide-10.2.1_795/ide/tools/bin/../lib/gcc/arm-none-eabi/7.2.1/../../../../arm-none-eabi/lib/thumb/v6-m/libcr_semihost_nf.a
LOAD /usr/local/mcuxpressoide-10.2.1_795/ide/tools/bin/../lib/gcc/arm-none-eabi/7.2.1/../../../../arm-none-eabi/lib/thumb/v6-m/libcr_c.a
LOAD /usr/local/mcuxpressoide-10.2.1_795/ide/tools/bin/../lib/gcc/arm-none-eabi/7.2.1/thumb/v6-m/libcr_eabihelpers.a
END GROUP
                0x0000000000000000                __base_PROGRAM_FLASH = 0x0
                0x0000000000000000                __base_Flash = 0x0
                0x0000000000020000                __top_PROGRAM_FLASH = 0x20000
                0x0000000000020000                __top_Flash = 0x20000
                0x000000001ffff000                __base_SRAM = 0x1ffff000
                0x000000001ffff000                __base_RAM = 0x1ffff000
                0x0000000020003000                __top_SRAM = 0x20003000
                0x0000000020003000                __top_RAM = 0x20003000

.text           0x0000000000000000     0x22cc
 FILL mask 0xff
                0x0000000000000000                __vectors_start__ = ABSOLUTE (.)
 *(.isr_vector)
 .isr_vector    0x0000000000000000       0xc0 ./startup/startup_mke06z4.o
                0x0000000000000000                __Vectors
                0x0000000000000000                g_pfnVectors
                0x00000000000000c0                . = ALIGN (0x4)
                0x00000000000000c0                __section_table_start = .
                0x00000000000000c0                __data_section_table = .
                0x00000000000000c0        0x4 LONG 0x22cc LOADADDR (.data)
                0x00000000000000c4        0x4 LONG 0x1ffff000 ADDR (.data)
                0x00000000000000c8        0x4 LONG 0x4 SIZEOF (.data)
                0x00000000000000cc                __data_section_table_end = .
                0x00000000000000cc                __bss_section_table = .
                0x00000000000000cc        0x4 LONG 0x1ffff004 ADDR (.bss)
                0x00000000000000d0        0x4 LONG 0xdc SIZEOF (.bss)
                0x00000000000000d4                __bss_section_table_end = .
                0x00000000000000d4                __section_table_end = .
 *(.after_vectors*)
 .after_vectors
                0x00000000000000d4      0x10c ./startup/startup_mke06z4.o
                0x00000000000000d4                NMI_Handler
                0x00000000000000d8                SVC_Handler
                0x00000000000000da                PendSV_Handler
                0x00000000000000dc                SysTick_Handler
                0x00000000000000de                PMC_DriverIRQHandler
                0x00000000000000de                Reserved42_DriverIRQHandler
                0x00000000000000de                SPI1_DriverIRQHandler
                0x00000000000000de                FTMRE_DriverIRQHandler
                0x00000000000000de                FTM1_DriverIRQHandler
                0x00000000000000de                FTM2_DriverIRQHandler
                0x00000000000000de                Reserved17_DriverIRQHandler
                0x00000000000000de                PIT_CH0_DriverIRQHandler
                0x00000000000000de                FTM0_DriverIRQHandler
                0x00000000000000de                IntDefaultHandler
                0x00000000000000de                PWT_DriverIRQHandler
                0x00000000000000de                ADC_DriverIRQHandler
                0x00000000000000de                Reserved20_DriverIRQHandler
                0x00000000000000de                Reserved18_DriverIRQHandler
                0x00000000000000de                MSCAN_DriverIRQHandler
                0x00000000000000de                PIT_CH1_DriverIRQHandler
                0x00000000000000de                RTC_DriverIRQHandler
                0x00000000000000de                Reserved19_DriverIRQHandler
                0x00000000000000de                I2C1_DriverIRQHandler
                0x00000000000000de                IRQ_DriverIRQHandler
                0x00000000000000de                Reserved16_DriverIRQHandler
                0x00000000000000de                ICS_DriverIRQHandler
                0x00000000000000de                KBI1_DriverIRQHandler
                0x00000000000000de                ACMP0_DriverIRQHandler
                0x00000000000000de                SPI0_DriverIRQHandler
                0x00000000000000de                WDOG_DriverIRQHandler
                0x00000000000000de                KBI0_DriverIRQHandler
                0x00000000000000de                ACMP1_DriverIRQHandler
                0x00000000000000de                I2C0_DriverIRQHandler
                0x00000000000000e0                Reserved16_IRQHandler
                0x00000000000000e8                Reserved17_IRQHandler
                0x00000000000000f0                Reserved18_IRQHandler
                0x00000000000000f8                Reserved19_IRQHandler
                0x0000000000000100                Reserved20_IRQHandler
                0x0000000000000108                FTMRE_IRQHandler
                0x0000000000000110                PMC_IRQHandler
                0x0000000000000118                IRQ_IRQHandler
                0x0000000000000120                I2C0_IRQHandler
                0x0000000000000128                I2C1_IRQHandler
                0x0000000000000130                SPI0_IRQHandler
                0x0000000000000138                SPI1_IRQHandler
                0x0000000000000140                UART0_IRQHandler
                0x0000000000000148                UART1_IRQHandler
                0x0000000000000150                UART2_IRQHandler
                0x0000000000000158                ADC_IRQHandler
                0x0000000000000160                ACMP0_IRQHandler
                0x0000000000000168                FTM0_IRQHandler
                0x0000000000000170                FTM1_IRQHandler
                0x0000000000000178                FTM2_IRQHandler
                0x0000000000000180                RTC_IRQHandler
                0x0000000000000188                ACMP1_IRQHandler
                0x0000000000000190                PIT_CH0_IRQHandler
                0x0000000000000198                PIT_CH1_IRQHandler
                0x00000000000001a0                KBI0_IRQHandler
                0x00000000000001a8                KBI1_IRQHandler
                0x00000000000001b0                Reserved42_IRQHandler
                0x00000000000001b8                ICS_IRQHandler
                0x00000000000001c0                WDOG_IRQHandler
                0x00000000000001c8                PWT_IRQHandler
                0x00000000000001d0                MSCAN_1_IRQHandler
                0x00000000000001d8                MSCAN_2_IRQHandler
 .after_vectors.init_data
                0x00000000000001e0       0x18 ./startup/startup_mke06z4.o
                0x00000000000001e0                data_init
 .after_vectors.init_bss
                0x00000000000001f8       0x14 ./startup/startup_mke06z4.o
                0x00000000000001f8                bss_init
 .after_vectors.reset
                0x000000000000020c       0x44 ./startup/startup_mke06z4.o
                0x000000000000020c                ResetISR
                0x0000000000000400                . = 0x400
 *fill*         0x0000000000000250      0x1b0 ff
                0x0000000000000400                PROVIDE (__FLASH_CONFIG_START__, .)
 *(.FlashConfig)
 .FlashConfig   0x0000000000000400       0x10 ./startup/startup_mke06z4.o
                0x0000000000000400                Flash_Config
                0x0000000000000410                PROVIDE (__FLASH_CONFIG_END__, .)
                0x0000000000000001                ASSERT (! ((__FLASH_CONFIG_START__ == __FLASH_CONFIG_END__)), Linker Flash Config Support Enabled, but no .FlashConfig section provided within application)
 *(.text*)
 .text.DbgConsole_Init
                0x0000000000000410        0xe ./utilities/fsl_debug_console.o
                0x0000000000000410                DbgConsole_Init
 *fill*         0x000000000000041e        0x2 ff
 .text.IO_Init  0x0000000000000420       0x44 ./utilities/fsl_io.o
                0x0000000000000420                IO_Init
 .text.LOG_Init
                0x0000000000000464       0x1a ./utilities/fsl_log.o
                0x0000000000000464                LOG_Init
 *fill*         0x000000000000047e        0x2 ff
 .text.startup.main
                0x0000000000000480       0x5c ./source/hello_world.o
                0x0000000000000480                main
 .text.HardFault_Handler
                0x00000000000004dc       0x2c ./source/semihost_hardfault.o
                0x00000000000004dc                HardFault_Handler
 .text.CLOCK_GetFllExtRefClkFreq
                0x0000000000000508       0x30 ./drivers/fsl_clock.o
 .text.CLOCK_GetOsc0ErClkFreq
                0x0000000000000538       0x1c ./drivers/fsl_clock.o
                0x0000000000000538                CLOCK_GetOsc0ErClkFreq
 .text.CLOCK_SetSimConfig
                0x0000000000000554       0x3c ./drivers/fsl_clock.o
                0x0000000000000554                CLOCK_SetSimConfig
 .text.CLOCK_GetFllFreq
                0x0000000000000590       0x2c ./drivers/fsl_clock.o
                0x0000000000000590                CLOCK_GetFllFreq
 .text.CLOCK_GetICSOutClkFreq
                0x00000000000005bc       0x3c ./drivers/fsl_clock.o
                0x00000000000005bc                CLOCK_GetICSOutClkFreq
 .text.CLOCK_GetFlashClkFreq
                0x00000000000005f8       0x28 ./drivers/fsl_clock.o
                0x00000000000005f8                CLOCK_GetFlashClkFreq
 .text.CLOCK_GetCoreSysClkFreq
                0x0000000000000620       0x1c ./drivers/fsl_clock.o
                0x0000000000000620                CLOCK_GetCoreSysClkFreq
 .text.CLOCK_GetTimerClkFreq
                0x000000000000063c       0x1c ./drivers/fsl_clock.o
                0x000000000000063c                CLOCK_GetTimerClkFreq
 .text.CLOCK_GetInternalRefClkFreq
                0x0000000000000658       0x24 ./drivers/fsl_clock.o
                0x0000000000000658                CLOCK_GetInternalRefClkFreq
 .text.CLOCK_GetICSFixedFreqClkFreq
                0x000000000000067c       0x30 ./drivers/fsl_clock.o
                0x000000000000067c                CLOCK_GetICSFixedFreqClkFreq
 .text.CLOCK_GetFreq
                0x00000000000006ac       0x52 ./drivers/fsl_clock.o
                0x00000000000006ac                CLOCK_GetFreq
 *fill*         0x00000000000006fe        0x2 ff
 .text.CLOCK_InitOsc0
                0x0000000000000700       0x48 ./drivers/fsl_clock.o
                0x0000000000000700                CLOCK_InitOsc0
 .text.CLOCK_SetFeeMode
                0x0000000000000748       0x64 ./drivers/fsl_clock.o
                0x0000000000000748                CLOCK_SetFeeMode
 .text.CLOCK_BootToFeeMode
                0x00000000000007ac        0x8 ./drivers/fsl_clock.o
                0x00000000000007ac                CLOCK_BootToFeeMode
 .text.PORT_SetPinSelect
                0x00000000000007b4       0x4c ./drivers/fsl_port.o
                0x00000000000007b4                PORT_SetPinSelect
 .text.UART_GetInstance
                0x0000000000000800       0x2c ./drivers/fsl_uart.o
                0x0000000000000800                UART_GetInstance
 .text.UART_Init
                0x000000000000082c       0xe4 ./drivers/fsl_uart.o
                0x000000000000082c                UART_Init
 .text.UART_GetDefaultConfig
                0x0000000000000910       0x14 ./drivers/fsl_uart.o
                0x0000000000000910                UART_GetDefaultConfig
 .text.UART0_DriverIRQHandler
                0x0000000000000924       0x1c ./drivers/fsl_uart.o
                0x0000000000000924                UART0_DriverIRQHandler
 .text.UART1_DriverIRQHandler
                0x0000000000000940       0x1c ./drivers/fsl_uart.o
                0x0000000000000940                UART1_DriverIRQHandler
 .text.UART2_DriverIRQHandler
                0x000000000000095c       0x1c ./drivers/fsl_uart.o
                0x000000000000095c                UART2_DriverIRQHandler
 .text.BOARD_InitDebugConsole
                0x0000000000000978       0x1c ./board/board.o
                0x0000000000000978                BOARD_InitDebugConsole
 .text.BOARD_BootClockRUN
                0x0000000000000994       0x5c ./board/clock_config.o
                0x0000000000000994                BOARD_BootClockRUN
 .text.BOARD_InitPins
                0x00000000000009f0       0x10 ./board/pin_mux.o
                0x00000000000009f0                BOARD_InitPins
 .text.SystemInit
                0x0000000000000a00       0x30 ./CMSIS/system_MKE06Z4.o
                0x0000000000000a00                SystemInit
 .text.__main   0x0000000000000a30        0xc /usr/local/mcuxpressoide-10.2.1_795/ide/tools/bin/../lib/gcc/arm-none-eabi/7.2.1/../../../../arm-none-eabi/lib/thumb/v6-m/libcr_semihost_nf.a(_cr__main.o)
                0x0000000000000a30                __main
                0x0000000000000a30                __CR_SEMIHOST
 .text.memset   0x0000000000000a3c        0x8 /usr/local/mcuxpressoide-10.2.1_795/ide/tools/bin/../lib/gcc/arm-none-eabi/7.2.1/../../../../arm-none-eabi/lib/thumb/v6-m/libcr_c.a(memset.o)
                0x0000000000000a3c                memset
 .text._Csys_read_
                0x0000000000000a44       0x24 /usr/local/mcuxpressoide-10.2.1_795/ide/tools/bin/../lib/gcc/arm-none-eabi/7.2.1/../../../../arm-none-eabi/lib/thumb/v6-m/libcr_c.a(__fillbuf.o)
                0x0000000000000a44                _Csys_read_
 .text.__filbuf
                0x0000000000000a68      0x188 /usr/local/mcuxpressoide-10.2.1_795/ide/tools/bin/../lib/gcc/arm-none-eabi/7.2.1/../../../../arm-none-eabi/lib/thumb/v6-m/libcr_c.a(__fillbuf.o)
                0x0000000000000a68                __filbuf
 .text._deferredlazyseek
                0x0000000000000bf0       0x40 /usr/local/mcuxpressoide-10.2.1_795/ide/tools/bin/../lib/gcc/arm-none-eabi/7.2.1/../../../../arm-none-eabi/lib/thumb/v6-m/libcr_c.a(_deferredlazyseek.o)
                0x0000000000000bf0                _deferredlazyseek
 .text.__flsbuf
                0x0000000000000c30      0x14c /usr/local/mcuxpressoide-10.2.1_795/ide/tools/bin/../lib/gcc/arm-none-eabi/7.2.1/../../../../arm-none-eabi/lib/thumb/v6-m/libcr_c.a(_deferredlazyseek.o)
                0x0000000000000c30                __flsbuf
 .text._fflush  0x0000000000000d7c       0x5c /usr/local/mcuxpressoide-10.2.1_795/ide/tools/bin/../lib/gcc/arm-none-eabi/7.2.1/../../../../arm-none-eabi/lib/thumb/v6-m/libcr_c.a(_fflush.o)
                0x0000000000000d7c                _fflush
 .text._Cwritebuf
                0x0000000000000dd8       0x68 /usr/local/mcuxpressoide-10.2.1_795/ide/tools/bin/../lib/gcc/arm-none-eabi/7.2.1/../../../../arm-none-eabi/lib/thumb/v6-m/libcr_c.a(_writebuf.o)
                0x0000000000000dd8                _Cwritebuf
 .text.malloc   0x0000000000000e40       0xcc /usr/local/mcuxpressoide-10.2.1_795/ide/tools/bin/../lib/gcc/arm-none-eabi/7.2.1/../../../../arm-none-eabi/lib/thumb/v6-m/libcr_c.a(alloc.o)
                0x0000000000000e40                malloc
 .text.free     0x0000000000000f0c       0x2c /usr/local/mcuxpressoide-10.2.1_795/ide/tools/bin/../lib/gcc/arm-none-eabi/7.2.1/../../../../arm-none-eabi/lib/thumb/v6-m/libcr_c.a(alloc.o)
                0x0000000000000f0c                free
 .text._Csys_alloc
                0x0000000000000f38       0x20 /usr/local/mcuxpressoide-10.2.1_795/ide/tools/bin/../lib/gcc/arm-none-eabi/7.2.1/../../../../arm-none-eabi/lib/thumb/v6-m/libcr_c.a(alloc.o)
                0x0000000000000f38                _Csys_alloc
 .text.fseek    0x0000000000000f58       0xf0 /usr/local/mcuxpressoide-10.2.1_795/ide/tools/bin/../lib/gcc/arm-none-eabi/7.2.1/../../../../arm-none-eabi/lib/thumb/v6-m/libcr_c.a(fseek.o)
                0x0000000000000f58                fseek
 .text.ftell    0x0000000000001048       0x48 /usr/local/mcuxpressoide-10.2.1_795/ide/tools/bin/../lib/gcc/arm-none-eabi/7.2.1/../../../../arm-none-eabi/lib/thumb/v6-m/libcr_c.a(ftell.o)
                0x0000000000001048                ftell
 .text._initio  0x0000000000001090       0x7c /usr/local/mcuxpressoide-10.2.1_795/ide/tools/bin/../lib/gcc/arm-none-eabi/7.2.1/../../../../arm-none-eabi/lib/thumb/v6-m/libcr_c.a(initio.o)
                0x0000000000001090                _initio
 .text.no_fp_display
                0x000000000000110c        0x4 /usr/local/mcuxpressoide-10.2.1_795/ide/tools/bin/../lib/gcc/arm-none-eabi/7.2.1/../../../../arm-none-eabi/lib/thumb/v6-m/libcr_c.a(printf.o)
 .text.__vfprintf
                0x0000000000001110      0xcd4 /usr/local/mcuxpressoide-10.2.1_795/ide/tools/bin/../lib/gcc/arm-none-eabi/7.2.1/../../../../arm-none-eabi/lib/thumb/v6-m/libcr_c.a(printf.o)
                0x0000000000001110                __vfprintf
 .text._vsnprintf
                0x0000000000001de4       0x60 /usr/local/mcuxpressoide-10.2.1_795/ide/tools/bin/../lib/gcc/arm-none-eabi/7.2.1/../../../../arm-none-eabi/lib/thumb/v6-m/libcr_c.a(printf.o)
                0x0000000000001de4                _vsnprintf
 .text._printf  0x0000000000001e44       0x50 /usr/local/mcuxpressoide-10.2.1_795/ide/tools/bin/../lib/gcc/arm-none-eabi/7.2.1/../../../../arm-none-eabi/lib/thumb/v6-m/libcr_c.a(printf.o)
                0x0000000000001e44                _printf
 .text.setvbuf  0x0000000000001e94       0x48 /usr/local/mcuxpressoide-10.2.1_795/ide/tools/bin/../lib/gcc/arm-none-eabi/7.2.1/../../../../arm-none-eabi/lib/thumb/v6-m/libcr_c.a(setvbuf.o)
                0x0000000000001e94                setvbuf
 .text.strlen   0x0000000000001edc       0x58 /usr/local/mcuxpressoide-10.2.1_795/ide/tools/bin/../lib/gcc/arm-none-eabi/7.2.1/../../../../arm-none-eabi/lib/thumb/v6-m/libcr_c.a(strlen.o)
                0x0000000000001edc                strlen
 .text._sbrk    0x0000000000001f34       0x40 /usr/local/mcuxpressoide-10.2.1_795/ide/tools/bin/../lib/gcc/arm-none-eabi/7.2.1/../../../../arm-none-eabi/lib/thumb/v6-m/libcr_c.a(_cr_sbrk.o)
                0x0000000000001f34                _sbrk
 .text._fdopen  0x0000000000001f74       0x74 /usr/local/mcuxpressoide-10.2.1_795/ide/tools/bin/../lib/gcc/arm-none-eabi/7.2.1/../../../../arm-none-eabi/lib/thumb/v6-m/libcr_c.a(_fdopen.o)
                0x0000000000001f74                _fdopen
 .text.fclose   0x0000000000001fe8       0x5c /usr/local/mcuxpressoide-10.2.1_795/ide/tools/bin/../lib/gcc/arm-none-eabi/7.2.1/../../../../arm-none-eabi/lib/thumb/v6-m/libcr_c.a(fclose.o)
                0x0000000000001fe8                fclose
 .text.fflush   0x0000000000002044       0x44 /usr/local/mcuxpressoide-10.2.1_795/ide/tools/bin/../lib/gcc/arm-none-eabi/7.2.1/../../../../arm-none-eabi/lib/thumb/v6-m/libcr_c.a(fflush.o)
                0x0000000000002044                fflush
 .text.remove   0x0000000000002088       0x12 /usr/local/mcuxpressoide-10.2.1_795/ide/tools/bin/../lib/gcc/arm-none-eabi/7.2.1/../../../../arm-none-eabi/lib/thumb/v6-m/libcr_c.a(remove.o)
                0x0000000000002088                remove
 *fill*         0x000000000000209a        0x2 ff
 .text.__check_heap_overflow
                0x000000000000209c       0x14 /usr/local/mcuxpressoide-10.2.1_795/ide/tools/bin/../lib/gcc/arm-none-eabi/7.2.1/../../../../arm-none-eabi/lib/thumb/v6-m/libcr_c.a(_cr_check_heap.o)
                0x000000000000209c                __check_heap_overflow
 .text._do_fflush
                0x00000000000020b0       0x44 /usr/local/mcuxpressoide-10.2.1_795/ide/tools/bin/../lib/gcc/arm-none-eabi/7.2.1/../../../../arm-none-eabi/lib/thumb/v6-m/libcr_c.a(_do_fflush.o)
                0x00000000000020b0                _do_fflush
 .text.__aeabi_division_idivmod
                0x00000000000020f4       0x78 /usr/local/mcuxpressoide-10.2.1_795/ide/tools/bin/../lib/gcc/arm-none-eabi/7.2.1/thumb/v6-m/libcr_eabihelpers.a(division_32.o)
                0x00000000000020f4                __aeabi_idiv
                0x00000000000020f4                __aeabi_idivmod
                0x00000000000020fa                __aeabi_uidiv
                0x00000000000020fa                __aeabi_uidivmod
 .text.__aeabi_division_idiv0
                0x000000000000216c        0x2 /usr/local/mcuxpressoide-10.2.1_795/ide/tools/bin/../lib/gcc/arm-none-eabi/7.2.1/thumb/v6-m/libcr_eabihelpers.a(division_idiv0.o)
                0x000000000000216c                __aeabi_idiv0
 .text.__aeabi_llong_lmul
                0x000000000000216e       0x2e /usr/local/mcuxpressoide-10.2.1_795/ide/tools/bin/../lib/gcc/arm-none-eabi/7.2.1/thumb/v6-m/libcr_eabihelpers.a(llong.o)
                0x000000000000216e                __aeabi_lmul
 .text.__aeabi_memset_lowlevel
                0x000000000000219c       0x2a /usr/local/mcuxpressoide-10.2.1_795/ide/tools/bin/../lib/gcc/arm-none-eabi/7.2.1/thumb/v6-m/libcr_eabihelpers.a(memcpy.o)
                0x000000000000219c                __aeabi_lowlevel_memset
 .text.__gnu_thumb1_case_uqi
                0x00000000000021c6       0x10 /usr/local/mcuxpressoide-10.2.1_795/ide/tools/bin/../lib/gcc/arm-none-eabi/7.2.1/thumb/v6-m/libcr_eabihelpers.a(thumb1_switch_helpers.o)
                0x00000000000021c6                __gnu_thumb1_case_uqi
 *fill*         0x00000000000021d6        0x2 ff
 .text.__sys_appexit
                0x00000000000021d8        0xc /usr/local/mcuxpressoide-10.2.1_795/ide/tools/bin/../lib/gcc/arm-none-eabi/7.2.1/../../../../arm-none-eabi/lib/thumb/v6-m/libcr_semihost_nf.a(__sys_appexit.o)
                0x00000000000021d8                __exit
                0x00000000000021d8                __sys_appexit
 .text.__sys_close
                0x00000000000021e4        0xc /usr/local/mcuxpressoide-10.2.1_795/ide/tools/bin/../lib/gcc/arm-none-eabi/7.2.1/../../../../arm-none-eabi/lib/thumb/v6-m/libcr_semihost_nf.a(__sys_close.o)
                0x00000000000021e4                __sys_close
 .text.__sys_flen
                0x00000000000021f0        0xc /usr/local/mcuxpressoide-10.2.1_795/ide/tools/bin/../lib/gcc/arm-none-eabi/7.2.1/../../../../arm-none-eabi/lib/thumb/v6-m/libcr_semihost_nf.a(__sys_flen.o)
                0x00000000000021f0                __sys_flen
 .text.__sys_istty
                0x00000000000021fc        0xc /usr/local/mcuxpressoide-10.2.1_795/ide/tools/bin/../lib/gcc/arm-none-eabi/7.2.1/../../../../arm-none-eabi/lib/thumb/v6-m/libcr_semihost_nf.a(__sys_istty.o)
                0x00000000000021fc                __sys_istty
 .text.__sys_read
                0x0000000000002208        0xc /usr/local/mcuxpressoide-10.2.1_795/ide/tools/bin/../lib/gcc/arm-none-eabi/7.2.1/../../../../arm-none-eabi/lib/thumb/v6-m/libcr_semihost_nf.a(__sys_read.o)
                0x0000000000002208                __sys_read
 .text.__sys_readc
                0x0000000000002214        0x8 /usr/local/mcuxpressoide-10.2.1_795/ide/tools/bin/../lib/gcc/arm-none-eabi/7.2.1/../../../../arm-none-eabi/lib/thumb/v6-m/libcr_semihost_nf.a(__sys_readc.o)
                0x0000000000002214                __readc
                0x0000000000002214                __sys_readc
 .text.__sys_remove
                0x000000000000221c        0xc /usr/local/mcuxpressoide-10.2.1_795/ide/tools/bin/../lib/gcc/arm-none-eabi/7.2.1/../../../../arm-none-eabi/lib/thumb/v6-m/libcr_semihost_nf.a(__sys_remove.o)
                0x000000000000221c                __sys_remove
 .text.__sys_seek
                0x0000000000002228        0xc /usr/local/mcuxpressoide-10.2.1_795/ide/tools/bin/../lib/gcc/arm-none-eabi/7.2.1/../../../../arm-none-eabi/lib/thumb/v6-m/libcr_semihost_nf.a(__sys_seek.o)
                0x0000000000002228                __sys_seek
 .text.__sys_tmpnam
                0x0000000000002234        0xc /usr/local/mcuxpressoide-10.2.1_795/ide/tools/bin/../lib/gcc/arm-none-eabi/7.2.1/../../../../arm-none-eabi/lib/thumb/v6-m/libcr_semihost_nf.a(__sys_tmpnam.o)
                0x0000000000002234                __sys_tmpnam
 .text.__sys_write
                0x0000000000002240        0xc /usr/local/mcuxpressoide-10.2.1_795/ide/tools/bin/../lib/gcc/arm-none-eabi/7.2.1/../../../../arm-none-eabi/lib/thumb/v6-m/libcr_semihost_nf.a(__sys_write.o)
                0x0000000000002240                __sys_write
 *(.rodata .rodata.* .constdata .constdata.*)
 .rodata.main.str1.1
                0x000000000000224c        0xf ./source/hello_world.o
 *fill*         0x000000000000225b        0x1 ff
 .rodata.s_uartClock
                0x000000000000225c        0xc ./drivers/fsl_uart.o
 .rodata.oscConfig_BOARD_BootClockRUN
                0x0000000000002268        0x8 ./board/clock_config.o
                0x0000000000002268                oscConfig_BOARD_BootClockRUN
 .rodata.simConfig_BOARD_BootClockRUN
                0x0000000000002270        0x4 ./board/clock_config.o
                0x0000000000002270                simConfig_BOARD_BootClockRUN
 .rodata.__num_Ciob_streams
                0x0000000000002274        0x4 /usr/local/mcuxpressoide-10.2.1_795/ide/tools/bin/../lib/gcc/arm-none-eabi/7.2.1/../../../../arm-none-eabi/lib/thumb/v6-m/libcr_semihost_nf.a(__ciob.o)
                0x0000000000002274                __num_Ciob_streams
 .rodata._Csys_alloc.str1.1
                0x0000000000002278       0x18 /usr/local/mcuxpressoide-10.2.1_795/ide/tools/bin/../lib/gcc/arm-none-eabi/7.2.1/../../../../arm-none-eabi/lib/thumb/v6-m/libcr_c.a(alloc.o)
 .rodata._initio.str1.1
                0x0000000000002290        0x4 /usr/local/mcuxpressoide-10.2.1_795/ide/tools/bin/../lib/gcc/arm-none-eabi/7.2.1/../../../../arm-none-eabi/lib/thumb/v6-m/libcr_c.a(initio.o)
 .rodata.__vfprintf.str1.1
                0x0000000000002294       0x37 /usr/local/mcuxpressoide-10.2.1_795/ide/tools/bin/../lib/gcc/arm-none-eabi/7.2.1/../../../../arm-none-eabi/lib/thumb/v6-m/libcr_c.a(printf.o)
                                         0x38 (size before relaxing)
                0x00000000000022cc                . = ALIGN (0x4)
 *fill*         0x00000000000022cb        0x1 ff

.glue_7         0x00000000000022cc        0x0
 .glue_7        0x00000000000022cc        0x0 linker stubs

.glue_7t        0x00000000000022cc        0x0
 .glue_7t       0x00000000000022cc        0x0 linker stubs

.vfp11_veneer   0x00000000000022cc        0x0
 .vfp11_veneer  0x00000000000022cc        0x0 linker stubs

.v4_bx          0x00000000000022cc        0x0
 .v4_bx         0x00000000000022cc        0x0 linker stubs

.iplt           0x00000000000022cc        0x0
 .iplt          0x00000000000022cc        0x0 ./utilities/fsl_debug_console.o

.rel.dyn        0x00000000000022cc        0x0
 .rel.iplt      0x00000000000022cc        0x0 ./utilities/fsl_debug_console.o

.ARM.extab
 *(.ARM.extab* .gnu.linkonce.armextab.*)
                0x00000000000022cc                __exidx_start = .

.ARM.exidx
 *(.ARM.exidx* .gnu.linkonce.armexidx.*)
                0x00000000000022cc                __exidx_end = .
                0x00000000000022cc                _etext = .

.uninit_RESERVED
                0x000000001ffff000        0x0
 *(.bss.$RESERVED*)
                0x000000001ffff000                . = ALIGN (0x4)
                0x000000001ffff000                _end_uninit_RESERVED = .

.data           0x000000001ffff000        0x4 load address 0x00000000000022cc
 FILL mask 0xff
                0x000000001ffff000                _data = .
 *(vtable)
 *(.ramfunc*)
 *(.data*)
 .data.SystemCoreClock
                0x000000001ffff000        0x4 ./CMSIS/system_MKE06Z4.o
                0x000000001ffff000                SystemCoreClock
                0x000000001ffff004                . = ALIGN (0x4)
                0x000000001ffff004                _edata = .

.igot.plt       0x000000001ffff004        0x0 load address 0x00000000000022d0
 .igot.plt      0x000000001ffff004        0x0 ./utilities/fsl_debug_console.o

.bss            0x000000001ffff004       0xdc load address 0x00000000000022d0
                0x000000001ffff004                _bss = .
 *(.bss*)
 .bss.s_debugConsoleIO
                0x000000001ffff004        0x8 ./utilities/fsl_io.o
 .bss.g_xtal0Freq
                0x000000001ffff00c        0x4 ./drivers/fsl_clock.o
                0x000000001ffff00c                g_xtal0Freq
 .bss.s_uartHandle
                0x000000001ffff010        0xc ./drivers/fsl_uart.o
 .bss.s_uartIsr
                0x000000001ffff01c        0x4 ./drivers/fsl_uart.o
 .bss.__Ciob    0x000000001ffff020       0xb4 /usr/local/mcuxpressoide-10.2.1_795/ide/tools/bin/../lib/gcc/arm-none-eabi/7.2.1/../../../../arm-none-eabi/lib/thumb/v6-m/libcr_semihost_nf.a(__ciob.o)
                0x000000001ffff020                __Ciob
 .bss.__end_of_heap
                0x000000001ffff0d4        0x4 /usr/local/mcuxpressoide-10.2.1_795/ide/tools/bin/../lib/gcc/arm-none-eabi/7.2.1/../../../../arm-none-eabi/lib/thumb/v6-m/libcr_c.a(__init_alloc.o)
                0x000000001ffff0d4                __end_of_heap
 .bss.__heaps   0x000000001ffff0d8        0x4 /usr/local/mcuxpressoide-10.2.1_795/ide/tools/bin/../lib/gcc/arm-none-eabi/7.2.1/../../../../arm-none-eabi/lib/thumb/v6-m/libcr_c.a(__init_alloc.o)
                0x000000001ffff0d8                __heaps
 .bss.errno     0x000000001ffff0dc        0x4 /usr/local/mcuxpressoide-10.2.1_795/ide/tools/bin/../lib/gcc/arm-none-eabi/7.2.1/../../../../arm-none-eabi/lib/thumb/v6-m/libcr_c.a(errno.o)
                0x000000001ffff0dc                errno
 *(COMMON)
                0x000000001ffff0e0                . = ALIGN (0x4)
                0x000000001ffff0e0                _ebss = .
                [!provide]                        PROVIDE (end, .)

.noinit         0x000000001ffff0e0        0x0 load address 0x00000000000022d0
                0x000000001ffff0e0                _noinit = .
 *(.noinit*)
                0x000000001ffff0e0                . = ALIGN (0x4)
                0x000000001ffff0e0                _end_noinit = .
                0x0000000000000400                _HeapSize = 0x400

.heap           0x000000001ffff0e0      0x400 load address 0x00000000000022d0
                0x000000001ffff0e0                _pvHeapStart = .
                0x000000001ffff4e0                . = (. + _HeapSize)
 *fill*         0x000000001ffff0e0      0x400 
                0x000000001ffff4e0                . = ALIGN (0x4)
                0x000000001ffff4e0                _pvHeapLimit = .
                0x0000000000000400                _StackSize = 0x400

.heap2stackfill
                0x000000001ffff4e0      0x400 load address 0x00000000000022d0
                0x000000001ffff8e0                . = (. + _StackSize)
 *fill*         0x000000001ffff4e0      0x400 

.stack          0x0000000020002c00        0x0
                0x0000000020002c00                _vStackBase = .
                0x0000000020002c00                . = ALIGN (0x4)
                0x0000000020003000                _vStackTop = (. + _StackSize)
                0x0000000000000000                _image_start = LOADADDR (.text)
                0x00000000000022d0                _image_end = (LOADADDR (.data) + SIZEOF (.data))
                0x00000000000022d0                _image_size = (_image_end - _image_start)
OUTPUT(frdmke06z_hello_world.axf elf32-littlearm)

.debug_info     0x0000000000000000     0x56c2
 .debug_info    0x0000000000000000      0x300 ./utilities/fsl_debug_console.o
 .debug_info    0x0000000000000300      0x72d ./utilities/fsl_io.o
 .debug_info    0x0000000000000a2d      0x428 ./utilities/fsl_log.o
 .debug_info    0x0000000000000e55      0x635 ./startup/startup_mke06z4.o
 .debug_info    0x000000000000148a      0x3e2 ./source/hello_world.o
 .debug_info    0x000000000000186c       0x37 ./source/semihost_hardfault.o
 .debug_info    0x00000000000018a3      0xcec ./drivers/fsl_clock.o
 .debug_info    0x000000000000258f      0x70c ./drivers/fsl_port.o
 .debug_info    0x0000000000002c9b     0x190c ./drivers/fsl_uart.o
 .debug_info    0x00000000000045a7      0x466 ./board/board.o
 .debug_info    0x0000000000004a0d      0x651 ./board/clock_config.o
 .debug_info    0x000000000000505e      0x3a5 ./board/pin_mux.o
 .debug_info    0x0000000000005403      0x2bf ./CMSIS/system_MKE06Z4.o

.debug_abbrev   0x0000000000000000     0x1592
 .debug_abbrev  0x0000000000000000      0x118 ./utilities/fsl_debug_console.o
 .debug_abbrev  0x0000000000000118      0x21a ./utilities/fsl_io.o
 .debug_abbrev  0x0000000000000332      0x1a4 ./utilities/fsl_log.o
 .debug_abbrev  0x00000000000004d6      0x147 ./startup/startup_mke06z4.o
 .debug_abbrev  0x000000000000061d      0x14c ./source/hello_world.o
 .debug_abbrev  0x0000000000000769       0x2c ./source/semihost_hardfault.o
 .debug_abbrev  0x0000000000000795      0x345 ./drivers/fsl_clock.o
 .debug_abbrev  0x0000000000000ada      0x150 ./drivers/fsl_port.o
 .debug_abbrev  0x0000000000000c2a      0x418 ./drivers/fsl_uart.o
 .debug_abbrev  0x0000000000001042      0x191 ./board/board.o
 .debug_abbrev  0x00000000000011d3      0x1ad ./board/clock_config.o
 .debug_abbrev  0x0000000000001380       0xde ./board/pin_mux.o
 .debug_abbrev  0x000000000000145e      0x134 ./CMSIS/system_MKE06Z4.o

.debug_loc      0x0000000000000000     0x1eb6
 .debug_loc     0x0000000000000000       0x8f ./utilities/fsl_debug_console.o
 .debug_loc     0x000000000000008f      0x21b ./utilities/fsl_io.o
 .debug_loc     0x00000000000002aa      0x2bf ./utilities/fsl_log.o
 .debug_loc     0x0000000000000569      0x239 ./startup/startup_mke06z4.o
 .debug_loc     0x00000000000007a2       0x1e ./source/hello_world.o
 .debug_loc     0x00000000000007c0      0x4f7 ./drivers/fsl_clock.o
 .debug_loc     0x0000000000000cb7      0x36f ./drivers/fsl_port.o
 .debug_loc     0x0000000000001026      0xdde ./drivers/fsl_uart.o
 .debug_loc     0x0000000000001e04       0x1e ./board/board.o
 .debug_loc     0x0000000000001e22       0x2c ./board/clock_config.o
 .debug_loc     0x0000000000001e4e       0x68 ./CMSIS/system_MKE06Z4.o

.debug_aranges  0x0000000000000000      0x4f8
 .debug_aranges
                0x0000000000000000       0x30 ./utilities/fsl_debug_console.o
 .debug_aranges
                0x0000000000000030       0x38 ./utilities/fsl_io.o
 .debug_aranges
                0x0000000000000068       0x50 ./utilities/fsl_log.o
 .debug_aranges
                0x00000000000000b8      0x160 ./startup/startup_mke06z4.o
 .debug_aranges
                0x0000000000000218       0x20 ./source/hello_world.o
 .debug_aranges
                0x0000000000000238       0x20 ./source/semihost_hardfault.o
 .debug_aranges
                0x0000000000000258       0xe0 ./drivers/fsl_clock.o
 .debug_aranges
                0x0000000000000338       0x30 ./drivers/fsl_port.o
 .debug_aranges
                0x0000000000000368      0x108 ./drivers/fsl_uart.o
 .debug_aranges
                0x0000000000000470       0x20 ./board/board.o
 .debug_aranges
                0x0000000000000490       0x20 ./board/clock_config.o
 .debug_aranges
                0x00000000000004b0       0x20 ./board/pin_mux.o
 .debug_aranges
                0x00000000000004d0       0x28 ./CMSIS/system_MKE06Z4.o

.debug_ranges   0x0000000000000000      0x580
 .debug_ranges  0x0000000000000000       0x20 ./utilities/fsl_debug_console.o
 .debug_ranges  0x0000000000000020       0x40 ./utilities/fsl_io.o
 .debug_ranges  0x0000000000000060       0x40 ./utilities/fsl_log.o
 .debug_ranges  0x00000000000000a0      0x150 ./startup/startup_mke06z4.o
 .debug_ranges  0x00000000000001f0       0x10 ./source/hello_world.o
 .debug_ranges  0x0000000000000200       0x10 ./source/semihost_hardfault.o
 .debug_ranges  0x0000000000000210      0x178 ./drivers/fsl_clock.o
 .debug_ranges  0x0000000000000388       0x20 ./drivers/fsl_port.o
 .debug_ranges  0x00000000000003a8      0x140 ./drivers/fsl_uart.o
 .debug_ranges  0x00000000000004e8       0x10 ./board/board.o
 .debug_ranges  0x00000000000004f8       0x60 ./board/clock_config.o
 .debug_ranges  0x0000000000000558       0x10 ./board/pin_mux.o
 .debug_ranges  0x0000000000000568       0x18 ./CMSIS/system_MKE06Z4.o

.debug_line     0x0000000000000000     0x19cb
 .debug_line    0x0000000000000000      0x174 ./utilities/fsl_debug_console.o
 .debug_line    0x0000000000000174      0x1cf ./utilities/fsl_io.o
 .debug_line    0x0000000000000343      0x1f1 ./utilities/fsl_log.o
 .debug_line    0x0000000000000534      0x10f ./startup/startup_mke06z4.o
 .debug_line    0x0000000000000643      0x17b ./source/hello_world.o
 .debug_line    0x00000000000007be       0x50 ./source/semihost_hardfault.o
 .debug_line    0x000000000000080e      0x4c2 ./drivers/fsl_clock.o
 .debug_line    0x0000000000000cd0      0x186 ./drivers/fsl_port.o
 .debug_line    0x0000000000000e56      0x5fe ./drivers/fsl_uart.o
 .debug_line    0x0000000000001454      0x167 ./board/board.o
 .debug_line    0x00000000000015bb      0x1a1 ./board/clock_config.o
 .debug_line    0x000000000000175c      0x127 ./board/pin_mux.o
 .debug_line    0x0000000000001883      0x148 ./CMSIS/system_MKE06Z4.o

.debug_str      0x0000000000000000     0x3015
 .debug_str     0x0000000000000000      0x391 ./utilities/fsl_debug_console.o
                                        0x3d2 (size before relaxing)
 .debug_str     0x0000000000000391      0x8be ./utilities/fsl_io.o
                                        0xb7b (size before relaxing)
 .debug_str     0x0000000000000c4f       0x64 ./utilities/fsl_log.o
                                        0x391 (size before relaxing)
 .debug_str     0x0000000000000cb3      0x3b6 ./startup/startup_mke06z4.o
                                        0x4d0 (size before relaxing)
 .debug_str     0x0000000000001069      0x1dd ./source/hello_world.o
                                        0x487 (size before relaxing)
 .debug_str     0x0000000000001246       0x1f ./source/semihost_hardfault.o
                                        0x138 (size before relaxing)
 .debug_str     0x0000000000001265      0x543 ./drivers/fsl_clock.o
                                        0xe50 (size before relaxing)
 .debug_str     0x00000000000017a8      0xade ./drivers/fsl_port.o
                                        0xd7f (size before relaxing)
 .debug_str     0x0000000000002286      0xc0d ./drivers/fsl_uart.o
                                       0x16fa (size before relaxing)
 .debug_str     0x0000000000002e93       0x20 ./board/board.o
                                        0x53d (size before relaxing)
 .debug_str     0x0000000000002eb3       0xc0 ./board/clock_config.o
                                        0xa6b (size before relaxing)
 .debug_str     0x0000000000002f73       0x13 ./board/pin_mux.o
                                        0x99f (size before relaxing)
 .debug_str     0x0000000000002f86       0x8f ./CMSIS/system_MKE06Z4.o
                                        0x28c (size before relaxing)

.comment        0x0000000000000000       0x7e
 .comment       0x0000000000000000       0x7e ./utilities/fsl_debug_console.o
                                         0x7f (size before relaxing)
 .comment       0x000000000000007e       0x7f ./utilities/fsl_io.o
 .comment       0x000000000000007e       0x7f ./utilities/fsl_log.o
 .comment       0x000000000000007e       0x7f ./startup/startup_mke06z4.o
 .comment       0x000000000000007e       0x7f ./source/hello_world.o
 .comment       0x000000000000007e       0x7f ./source/semihost_hardfault.o
 .comment       0x000000000000007e       0x7f ./drivers/fsl_clock.o
 .comment       0x000000000000007e       0x7f ./drivers/fsl_port.o
 .comment       0x000000000000007e       0x7f ./drivers/fsl_uart.o
 .comment       0x000000000000007e       0x7f ./board/board.o
 .comment       0x000000000000007e       0x7f ./board/clock_config.o
 .comment       0x000000000000007e       0x7f ./board/pin_mux.o
 .comment       0x000000000000007e       0x7f ./CMSIS/system_MKE06Z4.o
 .comment       0x000000000000007e       0x7f /usr/local/mcuxpressoide-10.2.1_795/ide/tools/bin/../lib/gcc/arm-none-eabi/7.2.1/../../../../arm-none-eabi/lib/thumb/v6-m/libcr_semihost_nf.a(__ciob.o)
 .comment       0x000000000000007e       0x7f /usr/local/mcuxpressoide-10.2.1_795/ide/tools/bin/../lib/gcc/arm-none-eabi/7.2.1/../../../../arm-none-eabi/lib/thumb/v6-m/libcr_semihost_nf.a(_cr__main.o)
 .comment       0x000000000000007e       0x7f /usr/local/mcuxpressoide-10.2.1_795/ide/tools/bin/../lib/gcc/arm-none-eabi/7.2.1/../../../../arm-none-eabi/lib/thumb/v6-m/libcr_c.a(memset.o)
 .comment       0x000000000000007e       0x7f /usr/local/mcuxpressoide-10.2.1_795/ide/tools/bin/../lib/gcc/arm-none-eabi/7.2.1/../../../../arm-none-eabi/lib/thumb/v6-m/libcr_c.a(__fillbuf.o)
 .comment       0x000000000000007e       0x7f /usr/local/mcuxpressoide-10.2.1_795/ide/tools/bin/../lib/gcc/arm-none-eabi/7.2.1/../../../../arm-none-eabi/lib/thumb/v6-m/libcr_c.a(_deferredlazyseek.o)
 .comment       0x000000000000007e       0x7f /usr/local/mcuxpressoide-10.2.1_795/ide/tools/bin/../lib/gcc/arm-none-eabi/7.2.1/../../../../arm-none-eabi/lib/thumb/v6-m/libcr_c.a(_fflush.o)
 .comment       0x000000000000007e       0x7f /usr/local/mcuxpressoide-10.2.1_795/ide/tools/bin/../lib/gcc/arm-none-eabi/7.2.1/../../../../arm-none-eabi/lib/thumb/v6-m/libcr_c.a(_writebuf.o)
 .comment       0x000000000000007e       0x7f /usr/local/mcuxpressoide-10.2.1_795/ide/tools/bin/../lib/gcc/arm-none-eabi/7.2.1/../../../../arm-none-eabi/lib/thumb/v6-m/libcr_c.a(alloc.o)
 .comment       0x000000000000007e       0x7f /usr/local/mcuxpressoide-10.2.1_795/ide/tools/bin/../lib/gcc/arm-none-eabi/7.2.1/../../../../arm-none-eabi/lib/thumb/v6-m/libcr_c.a(fseek.o)
 .comment       0x000000000000007e       0x7f /usr/local/mcuxpressoide-10.2.1_795/ide/tools/bin/../lib/gcc/arm-none-eabi/7.2.1/../../../../arm-none-eabi/lib/thumb/v6-m/libcr_c.a(ftell.o)
 .comment       0x000000000000007e       0x7f /usr/local/mcuxpressoide-10.2.1_795/ide/tools/bin/../lib/gcc/arm-none-eabi/7.2.1/../../../../arm-none-eabi/lib/thumb/v6-m/libcr_c.a(initio.o)
 .comment       0x000000000000007e       0x7f /usr/local/mcuxpressoide-10.2.1_795/ide/tools/bin/../lib/gcc/arm-none-eabi/7.2.1/../../../../arm-none-eabi/lib/thumb/v6-m/libcr_c.a(printf.o)
 .comment       0x000000000000007e       0x7f /usr/local/mcuxpressoide-10.2.1_795/ide/tools/bin/../lib/gcc/arm-none-eabi/7.2.1/../../../../arm-none-eabi/lib/thumb/v6-m/libcr_c.a(setvbuf.o)
 .comment       0x000000000000007e       0x7f /usr/local/mcuxpressoide-10.2.1_795/ide/tools/bin/../lib/gcc/arm-none-eabi/7.2.1/../../../../arm-none-eabi/lib/thumb/v6-m/libcr_c.a(strlen.o)
 .comment       0x000000000000007e       0x7f /usr/local/mcuxpressoide-10.2.1_795/ide/tools/bin/../lib/gcc/arm-none-eabi/7.2.1/../../../../arm-none-eabi/lib/thumb/v6-m/libcr_c.a(__init_alloc.o)
 .comment       0x000000000000007e       0x7f /usr/local/mcuxpressoide-10.2.1_795/ide/tools/bin/../lib/gcc/arm-none-eabi/7.2.1/../../../../arm-none-eabi/lib/thumb/v6-m/libcr_c.a(_cr_sbrk.o)
 .comment       0x000000000000007e       0x7f /usr/local/mcuxpressoide-10.2.1_795/ide/tools/bin/../lib/gcc/arm-none-eabi/7.2.1/../../../../arm-none-eabi/lib/thumb/v6-m/libcr_c.a(_fdopen.o)
 .comment       0x000000000000007e       0x7f /usr/local/mcuxpressoide-10.2.1_795/ide/tools/bin/../lib/gcc/arm-none-eabi/7.2.1/../../../../arm-none-eabi/lib/thumb/v6-m/libcr_c.a(errno.o)
 .comment       0x000000000000007e       0x7f /usr/local/mcuxpressoide-10.2.1_795/ide/tools/bin/../lib/gcc/arm-none-eabi/7.2.1/../../../../arm-none-eabi/lib/thumb/v6-m/libcr_c.a(fclose.o)
 .comment       0x000000000000007e       0x7f /usr/local/mcuxpressoide-10.2.1_795/ide/tools/bin/../lib/gcc/arm-none-eabi/7.2.1/../../../../arm-none-eabi/lib/thumb/v6-m/libcr_c.a(fflush.o)
 .comment       0x000000000000007e       0x7f /usr/local/mcuxpressoide-10.2.1_795/ide/tools/bin/../lib/gcc/arm-none-eabi/7.2.1/../../../../arm-none-eabi/lib/thumb/v6-m/libcr_c.a(remove.o)
 .comment       0x000000000000007e       0x7f /usr/local/mcuxpressoide-10.2.1_795/ide/tools/bin/../lib/gcc/arm-none-eabi/7.2.1/../../../../arm-none-eabi/lib/thumb/v6-m/libcr_c.a(_cr_check_heap.o)
 .comment       0x000000000000007e       0x7f /usr/local/mcuxpressoide-10.2.1_795/ide/tools/bin/../lib/gcc/arm-none-eabi/7.2.1/../../../../arm-none-eabi/lib/thumb/v6-m/libcr_c.a(_do_fflush.o)

.ARM.attributes
                0x0000000000000000       0x30
 .ARM.attributes
                0x0000000000000000       0x32 ./utilities/fsl_debug_console.o
 .ARM.attributes
                0x0000000000000032       0x32 ./utilities/fsl_io.o
 .ARM.attributes
                0x0000000000000064       0x32 ./utilities/fsl_log.o
 .ARM.attributes
                0x0000000000000096       0x32 ./startup/startup_mke06z4.o
 .ARM.attributes
                0x00000000000000c8       0x32 ./source/hello_world.o
 .ARM.attributes
                0x00000000000000fa       0x32 ./source/semihost_hardfault.o
 .ARM.attributes
                0x000000000000012c       0x32 ./drivers/fsl_clock.o
 .ARM.attributes
                0x000000000000015e       0x32 ./drivers/fsl_port.o
 .ARM.attributes
                0x0000000000000190       0x32 ./drivers/fsl_uart.o
 .ARM.attributes
                0x00000000000001c2       0x32 ./board/board.o
 .ARM.attributes
                0x00000000000001f4       0x32 ./board/clock_config.o
 .ARM.attributes
                0x0000000000000226       0x32 ./board/pin_mux.o
 .ARM.attributes
                0x0000000000000258       0x32 ./CMSIS/system_MKE06Z4.o
 .ARM.attributes
                0x000000000000028a       0x31 /usr/local/mcuxpressoide-10.2.1_795/ide/tools/bin/../lib/gcc/arm-none-eabi/7.2.1/../../../../arm-none-eabi/lib/thumb/v6-m/libcr_semihost_nf.a(__ciob.o)
 .ARM.attributes
                0x00000000000002bb       0x31 /usr/local/mcuxpressoide-10.2.1_795/ide/tools/bin/../lib/gcc/arm-none-eabi/7.2.1/../../../../arm-none-eabi/lib/thumb/v6-m/libcr_semihost_nf.a(_cr__main.o)
 .ARM.attributes
                0x00000000000002ec       0x31 /usr/local/mcuxpressoide-10.2.1_795/ide/tools/bin/../lib/gcc/arm-none-eabi/7.2.1/../../../../arm-none-eabi/lib/thumb/v6-m/libcr_c.a(memset.o)
 .ARM.attributes
                0x000000000000031d       0x31 /usr/local/mcuxpressoide-10.2.1_795/ide/tools/bin/../lib/gcc/arm-none-eabi/7.2.1/../../../../arm-none-eabi/lib/thumb/v6-m/libcr_c.a(__fillbuf.o)
 .ARM.attributes
                0x000000000000034e       0x31 /usr/local/mcuxpressoide-10.2.1_795/ide/tools/bin/../lib/gcc/arm-none-eabi/7.2.1/../../../../arm-none-eabi/lib/thumb/v6-m/libcr_c.a(_deferredlazyseek.o)
 .ARM.attributes
                0x000000000000037f       0x31 /usr/local/mcuxpressoide-10.2.1_795/ide/tools/bin/../lib/gcc/arm-none-eabi/7.2.1/../../../../arm-none-eabi/lib/thumb/v6-m/libcr_c.a(_fflush.o)
 .ARM.attributes
                0x00000000000003b0       0x31 /usr/local/mcuxpressoide-10.2.1_795/ide/tools/bin/../lib/gcc/arm-none-eabi/7.2.1/../../../../arm-none-eabi/lib/thumb/v6-m/libcr_c.a(_writebuf.o)
 .ARM.attributes
                0x00000000000003e1       0x31 /usr/local/mcuxpressoide-10.2.1_795/ide/tools/bin/../lib/gcc/arm-none-eabi/7.2.1/../../../../arm-none-eabi/lib/thumb/v6-m/libcr_c.a(alloc.o)
 .ARM.attributes
                0x0000000000000412       0x31 /usr/local/mcuxpressoide-10.2.1_795/ide/tools/bin/../lib/gcc/arm-none-eabi/7.2.1/../../../../arm-none-eabi/lib/thumb/v6-m/libcr_c.a(fseek.o)
 .ARM.attributes
                0x0000000000000443       0x31 /usr/local/mcuxpressoide-10.2.1_795/ide/tools/bin/../lib/gcc/arm-none-eabi/7.2.1/../../../../arm-none-eabi/lib/thumb/v6-m/libcr_c.a(ftell.o)
 .ARM.attributes
                0x0000000000000474       0x31 /usr/local/mcuxpressoide-10.2.1_795/ide/tools/bin/../lib/gcc/arm-none-eabi/7.2.1/../../../../arm-none-eabi/lib/thumb/v6-m/libcr_c.a(initio.o)
 .ARM.attributes
                0x00000000000004a5       0x31 /usr/local/mcuxpressoide-10.2.1_795/ide/tools/bin/../lib/gcc/arm-none-eabi/7.2.1/../../../../arm-none-eabi/lib/thumb/v6-m/libcr_c.a(printf.o)
 .ARM.attributes
                0x00000000000004d6       0x31 /usr/local/mcuxpressoide-10.2.1_795/ide/tools/bin/../lib/gcc/arm-none-eabi/7.2.1/../../../../arm-none-eabi/lib/thumb/v6-m/libcr_c.a(setvbuf.o)
 .ARM.attributes
                0x0000000000000507       0x31 /usr/local/mcuxpressoide-10.2.1_795/ide/tools/bin/../lib/gcc/arm-none-eabi/7.2.1/../../../../arm-none-eabi/lib/thumb/v6-m/libcr_c.a(strlen.o)
 .ARM.attributes
                0x0000000000000538       0x31 /usr/local/mcuxpressoide-10.2.1_795/ide/tools/bin/../lib/gcc/arm-none-eabi/7.2.1/../../../../arm-none-eabi/lib/thumb/v6-m/libcr_c.a(__init_alloc.o)
 .ARM.attributes
                0x0000000000000569       0x31 /usr/local/mcuxpressoide-10.2.1_795/ide/tools/bin/../lib/gcc/arm-none-eabi/7.2.1/../../../../arm-none-eabi/lib/thumb/v6-m/libcr_c.a(_cr_sbrk.o)
 .ARM.attributes
                0x000000000000059a       0x31 /usr/local/mcuxpressoide-10.2.1_795/ide/tools/bin/../lib/gcc/arm-none-eabi/7.2.1/../../../../arm-none-eabi/lib/thumb/v6-m/libcr_c.a(_fdopen.o)
 .ARM.attributes
                0x00000000000005cb       0x31 /usr/local/mcuxpressoide-10.2.1_795/ide/tools/bin/../lib/gcc/arm-none-eabi/7.2.1/../../../../arm-none-eabi/lib/thumb/v6-m/libcr_c.a(errno.o)
 .ARM.attributes
                0x00000000000005fc       0x31 /usr/local/mcuxpressoide-10.2.1_795/ide/tools/bin/../lib/gcc/arm-none-eabi/7.2.1/../../../../arm-none-eabi/lib/thumb/v6-m/libcr_c.a(fclose.o)
 .ARM.attributes
                0x000000000000062d       0x31 /usr/local/mcuxpressoide-10.2.1_795/ide/tools/bin/../lib/gcc/arm-none-eabi/7.2.1/../../../../arm-none-eabi/lib/thumb/v6-m/libcr_c.a(fflush.o)
 .ARM.attributes
                0x000000000000065e       0x31 /usr/local/mcuxpressoide-10.2.1_795/ide/tools/bin/../lib/gcc/arm-none-eabi/7.2.1/../../../../arm-none-eabi/lib/thumb/v6-m/libcr_c.a(remove.o)
 .ARM.attributes
                0x000000000000068f       0x31 /usr/local/mcuxpressoide-10.2.1_795/ide/tools/bin/../lib/gcc/arm-none-eabi/7.2.1/../../../../arm-none-eabi/lib/thumb/v6-m/libcr_c.a(_cr_check_heap.o)
 .ARM.attributes
                0x00000000000006c0       0x31 /usr/local/mcuxpressoide-10.2.1_795/ide/tools/bin/../lib/gcc/arm-none-eabi/7.2.1/../../../../arm-none-eabi/lib/thumb/v6-m/libcr_c.a(_do_fflush.o)
 .ARM.attributes
                0x00000000000006f1       0x21 /usr/local/mcuxpressoide-10.2.1_795/ide/tools/bin/../lib/gcc/arm-none-eabi/7.2.1/thumb/v6-m/libcr_eabihelpers.a(division_32.o)
 .ARM.attributes
                0x0000000000000712       0x21 /usr/local/mcuxpressoide-10.2.1_795/ide/tools/bin/../lib/gcc/arm-none-eabi/7.2.1/thumb/v6-m/libcr_eabihelpers.a(division_idiv0.o)
 .ARM.attributes
                0x0000000000000733       0x21 /usr/local/mcuxpressoide-10.2.1_795/ide/tools/bin/../lib/gcc/arm-none-eabi/7.2.1/thumb/v6-m/libcr_eabihelpers.a(llong.o)
 .ARM.attributes
                0x0000000000000754       0x21 /usr/local/mcuxpressoide-10.2.1_795/ide/tools/bin/../lib/gcc/arm-none-eabi/7.2.1/thumb/v6-m/libcr_eabihelpers.a(memcpy.o)
 .ARM.attributes
                0x0000000000000775       0x21 /usr/local/mcuxpressoide-10.2.1_795/ide/tools/bin/../lib/gcc/arm-none-eabi/7.2.1/thumb/v6-m/libcr_eabihelpers.a(thumb1_switch_helpers.o)
 .ARM.attributes
                0x0000000000000796       0x21 /usr/local/mcuxpressoide-10.2.1_795/ide/tools/bin/../lib/gcc/arm-none-eabi/7.2.1/../../../../arm-none-eabi/lib/thumb/v6-m/libcr_semihost_nf.a(__sys_appexit.o)
 .ARM.attributes
                0x00000000000007b7       0x21 /usr/local/mcuxpressoide-10.2.1_795/ide/tools/bin/../lib/gcc/arm-none-eabi/7.2.1/../../../../arm-none-eabi/lib/thumb/v6-m/libcr_semihost_nf.a(__sys_close.o)
 .ARM.attributes
                0x00000000000007d8       0x21 /usr/local/mcuxpressoide-10.2.1_795/ide/tools/bin/../lib/gcc/arm-none-eabi/7.2.1/../../../../arm-none-eabi/lib/thumb/v6-m/libcr_semihost_nf.a(__sys_flen.o)
 .ARM.attributes
                0x00000000000007f9       0x21 /usr/local/mcuxpressoide-10.2.1_795/ide/tools/bin/../lib/gcc/arm-none-eabi/7.2.1/../../../../arm-none-eabi/lib/thumb/v6-m/libcr_semihost_nf.a(__sys_istty.o)
 .ARM.attributes
                0x000000000000081a       0x21 /usr/local/mcuxpressoide-10.2.1_795/ide/tools/bin/../lib/gcc/arm-none-eabi/7.2.1/../../../../arm-none-eabi/lib/thumb/v6-m/libcr_semihost_nf.a(__sys_read.o)
 .ARM.attributes
                0x000000000000083b       0x21 /usr/local/mcuxpressoide-10.2.1_795/ide/tools/bin/../lib/gcc/arm-none-eabi/7.2.1/../../../../arm-none-eabi/lib/thumb/v6-m/libcr_semihost_nf.a(__sys_readc.o)
 .ARM.attributes
                0x000000000000085c       0x21 /usr/local/mcuxpressoide-10.2.1_795/ide/tools/bin/../lib/gcc/arm-none-eabi/7.2.1/../../../../arm-none-eabi/lib/thumb/v6-m/libcr_semihost_nf.a(__sys_remove.o)
 .ARM.attributes
                0x000000000000087d       0x21 /usr/local/mcuxpressoide-10.2.1_795/ide/tools/bin/../lib/gcc/arm-none-eabi/7.2.1/../../../../arm-none-eabi/lib/thumb/v6-m/libcr_semihost_nf.a(__sys_seek.o)
 .ARM.attributes
                0x000000000000089e       0x21 /usr/local/mcuxpressoide-10.2.1_795/ide/tools/bin/../lib/gcc/arm-none-eabi/7.2.1/../../../../arm-none-eabi/lib/thumb/v6-m/libcr_semihost_nf.a(__sys_tmpnam.o)
 .ARM.attributes
                0x00000000000008bf       0x21 /usr/local/mcuxpressoide-10.2.1_795/ide/tools/bin/../lib/gcc/arm-none-eabi/7.2.1/../../../../arm-none-eabi/lib/thumb/v6-m/libcr_semihost_nf.a(__sys_write.o)

.debug_frame    0x0000000000000000      0xbc0
 .debug_frame   0x0000000000000000       0x58 ./utilities/fsl_debug_console.o
 .debug_frame   0x0000000000000058       0x80 ./utilities/fsl_io.o
 .debug_frame   0x00000000000000d8       0xc4 ./utilities/fsl_log.o
 .debug_frame   0x000000000000019c      0x3bc ./startup/startup_mke06z4.o
 .debug_frame   0x0000000000000558       0x28 ./source/hello_world.o
 .debug_frame   0x0000000000000580       0x20 ./source/semihost_hardfault.o
 .debug_frame   0x00000000000005a0      0x244 ./drivers/fsl_clock.o
 .debug_frame   0x00000000000007e4       0x5c ./drivers/fsl_port.o
 .debug_frame   0x0000000000000840      0x2cc ./drivers/fsl_uart.o
 .debug_frame   0x0000000000000b0c       0x28 ./board/board.o
 .debug_frame   0x0000000000000b34       0x28 ./board/clock_config.o
 .debug_frame   0x0000000000000b5c       0x28 ./board/pin_mux.o
 .debug_frame   0x0000000000000b84       0x3c ./CMSIS/system_MKE06Z4.o
